// Jest Snapshot v1, https://goo.gl/fbAQLP

exports[`TodosList component TodosList snapshot 1`] = `
Object {
  "asFragment": [Function],
  "baseElement": <body>
    <div>
      <ul
        class="sc-eDvSVe dzgMgr"
      >
        <li
          class="sc-bcXHqe iIXjuB"
        >
          <label
            class="sc-dkrFOg hBpAeX"
          >
            <input
              class="sc-hLBbgP iyUlKq"
              type="checkbox"
            />
            <span
              class="sc-gswNZR hFzkvj"
            >
              test
            </span>
          </label>
        </li>
        <li
          class="sc-bcXHqe iIXjuB"
        >
          <label
            class="sc-dkrFOg hBpAeX"
          >
            <input
              class="sc-hLBbgP iyUlKq"
              type="checkbox"
            />
            <span
              class="sc-gswNZR hFzkvj"
            >
              react
            </span>
          </label>
        </li>
        <li
          class="sc-bcXHqe iIXjuB"
        >
          <label
            class="sc-dkrFOg hBpAeX"
          >
            <input
              class="sc-hLBbgP iyUlKq"
              type="checkbox"
            />
            <span
              class="sc-gswNZR hFzkvj"
            >
              jest
            </span>
          </label>
        </li>
      </ul>
    </div>
  </body>,
  "container": <div>
    <ul
      class="sc-eDvSVe dzgMgr"
    >
      <li
        class="sc-bcXHqe iIXjuB"
      >
        <label
          class="sc-dkrFOg hBpAeX"
        >
          <input
            class="sc-hLBbgP iyUlKq"
            type="checkbox"
          />
          <span
            class="sc-gswNZR hFzkvj"
          >
            test
          </span>
        </label>
      </li>
      <li
        class="sc-bcXHqe iIXjuB"
      >
        <label
          class="sc-dkrFOg hBpAeX"
        >
          <input
            class="sc-hLBbgP iyUlKq"
            type="checkbox"
          />
          <span
            class="sc-gswNZR hFzkvj"
          >
            react
          </span>
        </label>
      </li>
      <li
        class="sc-bcXHqe iIXjuB"
      >
        <label
          class="sc-dkrFOg hBpAeX"
        >
          <input
            class="sc-hLBbgP iyUlKq"
            type="checkbox"
          />
          <span
            class="sc-gswNZR hFzkvj"
          >
            jest
          </span>
        </label>
      </li>
    </ul>
  </div>,
  "debug": [Function],
  "findAllByAltText": [Function],
  "findAllByDisplayValue": [Function],
  "findAllByLabelText": [Function],
  "findAllByPlaceholderText": [Function],
  "findAllByRole": [Function],
  "findAllByTestId": [Function],
  "findAllByText": [Function],
  "findAllByTitle": [Function],
  "findByAltText": [Function],
  "findByDisplayValue": [Function],
  "findByLabelText": [Function],
  "findByPlaceholderText": [Function],
  "findByRole": [Function],
  "findByTestId": [Function],
  "findByText": [Function],
  "findByTitle": [Function],
  "getAllByAltText": [Function],
  "getAllByDisplayValue": [Function],
  "getAllByLabelText": [Function],
  "getAllByPlaceholderText": [Function],
  "getAllByRole": [Function],
  "getAllByTestId": [Function],
  "getAllByText": [Function],
  "getAllByTitle": [Function],
  "getByAltText": [Function],
  "getByDisplayValue": [Function],
  "getByLabelText": [Function],
  "getByPlaceholderText": [Function],
  "getByRole": [Function],
  "getByTestId": [Function],
  "getByText": [Function],
  "getByTitle": [Function],
  "queryAllByAltText": [Function],
  "queryAllByDisplayValue": [Function],
  "queryAllByLabelText": [Function],
  "queryAllByPlaceholderText": [Function],
  "queryAllByRole": [Function],
  "queryAllByTestId": [Function],
  "queryAllByText": [Function],
  "queryAllByTitle": [Function],
  "queryByAltText": [Function],
  "queryByDisplayValue": [Function],
  "queryByLabelText": [Function],
  "queryByPlaceholderText": [Function],
  "queryByRole": [Function],
  "queryByTestId": [Function],
  "queryByText": [Function],
  "queryByTitle": [Function],
  "rerender": [Function],
  "unmount": [Function],
}
`;
